Script started on 2025-09-06 16:56:42+00:00 [TERM="xterm-256color" TTY="/dev/pts/0" COLUMNS="70" LINES="24"]
[0m[49m[39m[27m[24m[K

[2A7[0m[49m[39m[38;5;240m╭─[0m[38;5;240m[48;5;236m[38;5;31m [1m[38;5;31m[48;5;236m[38;5;39m~[0m[38;5;39m[48;5;236m[48;5;236m[38;5;31m/[1m[38;5;31m[48;5;236m[38;5;39mprojects[0m[38;5;39m[48;5;236m[48;5;236m[38;5;31m[0m[38;5;31m[48;5;236m[48;5;236m[38;5;31m [0m[38;5;31m[48;5;236m[49m[38;5;236m[0m[38;5;236m[49m[39m                                      [0m[48;5;236m[38;5;70m [0m[38;5;70m[48;5;236m[48;5;236m[38;5;70m✔[0m[38;5;70m[48;5;236m[48;5;236m[38;5;70m [0m[38;5;70m[48;5;236m[48;5;236m[38;5;70m[0m[38;5;70m[48;5;236m[48;5;236m[38;5;66m[38;5;244m│[0m[38;5;244m[48;5;236m[48;5;236m[38;5;66m [38;5;246mat [0m[38;5;246m[48;5;236m[48;5;236m[38;5;66m16:56:42[0m[38;5;66m[48;5;236m[48;5;236m[38;5;66m[0m[38;5;66m[48;5;236m[48;5;236m[38;5;66m [0m[38;5;66m[48;5;236m[49m[39m
[38;5;240m╰─[0m[38;5;240m[49m[39m[0m[49m[39m [0m[49m[39m[?2004h[?25l8[0m[49m[39m[27m[24m[J]2;akhihaani@akhihaani:~/projects]1;~/projects]7;file://akhihaani/home/akhihaani/projects\[0m[38;5;31m[49m[39m[27m[24m[1m[7m%[27m[1m[0m                                                                     [0m[49m[39m[27m[24m[K[0m[27m[24m[J[0m[49m[39m
[A[38;5;240m╭─[0m[38;5;240m[48;5;236m[38;5;31m [1m[38;5;31m[48;5;236m[38;5;39m~[0m[38;5;39m[48;5;236m[48;5;236m[38;5;31m/[1m[38;5;31m[48;5;236m[38;5;39mprojects[0m[38;5;39m[48;5;236m[48;5;236m[38;5;31m[0m[38;5;31m[48;5;236m[48;5;236m[38;5;31m [0m[38;5;31m[48;5;236m[48;5;236m[38;5;244m│[0m[38;5;244m[48;5;236m[48;5;236m[38;5;76m [38;5;246mon [0m[38;5;246m[48;5;236m[48;5;236m[38;5;76m[38;5;76mmaster [38;5;39m?1[0m[38;5;39m[48;5;236m[48;5;236m[38;5;76m [0m[38;5;76m[48;5;236m[49m[38;5;236m[0m[38;5;236m[49m[39m                       [0m[48;5;236m[38;5;70m [0m[38;5;70m[48;5;236m[48;5;236m[38;5;70m✔[0m[38;5;70m[48;5;236m[48;5;236m[38;5;70m [0m[38;5;70m[48;5;236m[48;5;236m[38;5;70m[0m[38;5;70m[48;5;236m[48;5;236m[38;5;66m[38;5;244m│[0m[38;5;244m[48;5;236m[48;5;236m[38;5;66m [38;5;246mat [0m[38;5;246m[48;5;236m[48;5;236m[38;5;66m16:56:42[0m[38;5;66m[48;5;236m[48;5;236m[38;5;66m[0m[38;5;66m[48;5;236m[48;5;236m[38;5;66m [0m[38;5;66m[48;5;236m[49m[39m
[38;5;240m╰─[0m[38;5;240m[49m[39m[0m[49m[39m [0m[49m[39m[K[?1h=[?25h[?2004hj[1m[31mj[0m[39m[1m[31mj[1m[31mu[0m[39m[1m[31mj[1m[31mu[1m[31ms[0m[39m[1m[31ms[1m[31mt[0m[39m[1m[31mt[1m[31m [0m[39m[1m[31mt[0m[39m[0m[39m t[4mt[24m[4mt[4me[24m[4me[4ms[24m[4me[24m[24m [4mt[24m[24m [24m [1m[31ms[0m[39m[0m[39m [1m[31mj[1m[31mu[0m[39m[0m[39m [1m[31mj[0m[39m[0m[39m [0m[39m v[1m[31mv[0m[39m[1m[31mv[0m[39m[90mi wrtfl.sh[39m[10D[1m[31mv[1m[31mi[0m[39m[0m[32mv[0m[32mi[39m[32mv[32mi[32m [39m[32mv[32mi[39m[39m [39mt[39m [39m [39m [39m [39m [39m [39m [4mt[24m[4mt[4me[24m[4me[4ms[24m[4ms[4mt[24m[4mt[4m.[24m[4m.[4ms[24m[24mt[24me[24ms[24mt[24m.[24msh[?1l>[?2004l[?25l[A[0m[27m[24m[J[0m[49m[27m[24m[38;5;76m❯[0m[38;5;76m[49m[39m[27m[24m [32mvi[39m test.sh[K[?25h
]2;vi test.sh]1;vi[?1049h[22;0;0t[>4;2m[?1h=[?2004h[?1004h[1;24r[?12h[?12l[22;2t[22;1t[27m[23m[29m[m[H[2J[?25l[24;1H"test.sh" [New][2;1H▽[6n[2;1H  [3;1HPzz\[0%m[6n[3;1H           [1;1H[>c]10;?]11;?[2;1H[94m~                                                                     [3;1H~                                                                     [4;1H~                                                                     [5;1H~                                                                     [6;1H~                                                                     [7;1H~                                                                     [8;1H~                                                                     [9;1H~                                                                     [10;1H~                                                                     [11;1H~                                                                     [12;1H~                                                                     [13;1H~                                                                     [14;1H~                                                                     [15;1H~                                                                     [16;1H~                                                                     [17;1H~                                                                     [18;1H~                                                                     [19;1H~                                                                     [20;1H~                                                                     [21;1H~                                                                     [22;1H~                                                                     [23;1H~                                                                     [m[24;53H0,0-1[9CAll[1;1H[?25h[?4mP+q436f\P+q6b75\P+q6b64\P+q6b72\P+q6b6c\P+q2332\P+q2334\P+q2569\P+q2a37\P+q6b31\P$q q\[?12$p[?25l[24;43H0[1;1H[24;44H3[1;1H[24;45H0[1;1H[24;46H/[1;1H[24;47H0[1;1H[24;48Ha[1;1H[24;49H0[1;1H[24;50Ha[1;1H[24;51H/[1;1H[24;52H2[1;1H[24;43H          [1;1H[27m[23m[29m[m[H[2J[2;1H[94m~                                                                     [3;1H~                                                                     [4;1H~                                                                     [5;1H~                                                                     [6;1H~                                                                     [7;1H~                                                                     [8;1H~                                                                     [9;1H~                                                                     [10;1H~                                                                     [11;1H~                                                                     [12;1H~                                                                     [13;1H~                                                                     [14;1H~                                                                     [15;1H~                                                                     [16;1H~                                                                     [17;1H~                                                                     [18;1H~                                                                     [19;1H~                                                                     [20;1H~                                                                     [21;1H~                                                                     [22;1H~                                                                     [23;1H~                                                                     [m[24;53H0,0-1[9CAll"test.sh" [New][1;1H[?25h[?25l[24;43Ht[1;1H[?25h[?25l[24;44He[1;1H[24;43H  [1;1H[?25h[?25l[24;43Hs[1;1H[24;43H [1;1H[24;43Hcl[1;1H[24;43H  [1;1H[24;1H[1m-- INSERT --[m[24;13H[K[24;53H0,1[11CAll[1;1H[?25h[?25lt[24;53H1,2[1;2H[?25h[?25li[24;55H3[1;3H[?25h[?25ln[24;55H4[1;4H[?25h[?25lg[24;55H5[1;5H[?25h[?25l[24;55H6[1;6H[?25h[?25lo[24;55H7[1;7H[?25h[?25lu[24;55H8[1;8H[?25h[?25lt[24;55H9[1;9H[?25h[?25l[1;8H[K[24;55H8[1;8H[?25h[?25l[1;7H[K[24;55H7[1;7H[?25h[?25l[1;6H[K[24;55H6[1;6H[?25h[?25l[24;55H5[1;5H[?25h[?25l[1;4H[K[24;55H4[1;4H[?25h[?25l[1;3H[K[24;55H3[1;3H[?25h[?25l[1;2H[K[24;55H2[1;2H[?25h[?25l[1;1H[K[24;55H1[1;1H[?25h[?25lt[24;55H2[1;2H[?25h[?25le[24;55H3[1;3H[?25h[?25ls[24;55H4[1;4H[?25h[?25l[93mtest[m[24;55H5[1;5H[?25h[?25ltesti[24;55H6[1;6H[?25h[?25ln[24;55H7[1;7H[?25h[?25lg[24;55H8[1;8H[?25h[?25l[24;55H9[1;9H[?25h[?25lo[24;55H10[1;10H[?25h[?25lu[24;56H1[1;11H[?25h[?25lt[24;56H2[1;12H[?25h[?25l[24;56H3[1;13H[?25h[?25lt[24;56H4[1;14H[?25h[?25l[1;13H[K[24;56H3[1;13H[?25h[?25li[24;56H4[1;14H[?25h[?25l[93mif[m[24;56H5[1;15H[?25h[?25l[93m [m[24;56H6[1;16H[?25h[?25ls[24;56H7[1;17H[?25h[?25lc[24;56H8[1;18H[?25h[?25lr[24;56H9[1;19H[?25h[?25li[24;55H20[1;20H[?25h[?25lp[24;56H1[1;21H[?25h[?25lt[24;56H2[1;22H[?25h[?25l[24;56H3[1;23H[?25h[?25l[93mr[m[24;56H4[1;24H[?25h[?25lre[24;56H5[1;25H[?25h[?25lc[24;56H6[1;26H[?25h[?25lo[24;56H7[1;27H[?25h[?25lr[24;56H8[1;28H[?25h[?25li[24;56H9[1;29H[?25h[?25ld[24;55H30[1;30H[?25h[?25ln[24;56H1[1;31H[?25h[?25lg[24;56H2[1;32H[?25h[?25l[24;56H3[1;33H[?25h[?25li[24;56H4[1;34H[?25h[?25ls[24;56H5[1;35H[?25h[?25l[24;56H6[1;36H[?25h[?25lw[24;56H7[1;37H[?25h[?25lo[24;56H8[1;38H[?25h[?25lr[24;56H9[1;39H[?25h[?25lk[24;55H40[1;40H[?25h[?25li[24;56H1[1;41H[?25h[?25ln[24;56H2[1;42H[?25h[?25lg[24;56H3[1;43H[?25h[?25l[24;56H4[1;44H[?25h[?25lf[24;56H5[1;45H[?25h[?25l[93mfi[m[24;56H6[1;46H[?25h[?25lfin[24;56H7[1;47H[?25h[?25le[24;56H8[1;48H[?25h[?25l[24;56H9[1;49H[?25h[?25la[24;55H50[1;50H[?25h[?25ln[24;56H1[1;51H[?25h[?25ld[24;56H2[1;52H[?25h[?25l[24;56H3[1;53H[?25h[?25li[24;56H4[1;54H[?25h[?25l[24;56H5[1;55H[?25h[?25lk[24;56H6[1;56H[?25h[?25ln[24;56H7[1;57H[?25h[?25lo[24;56H8[1;58H[?25h[?25lw[24;56H9[1;59H[?25h[?25l[24;55H60[1;60H[?25h[?25lw[24;56H1[1;61H[?25h[?25lh[24;56H2[1;62H[?25h[?25la[24;56H3[1;63H[?25h[?25lt[24;56H4[1;64H[?25h[?25l[24;56H5[1;65H[?25h[?25li[24;56H6[1;66H[?25h[?25lm[24;56H7[1;67H[?25h[?25l[24;56H8[1;68H[?25h[?25ld[24;56H9[1;69H[?25h[?25l[93mdo[m[24;55H70[1;70H[?25h[?25ldoi[24;56H1[2;1H[?25h[?25ln[2;2H[K[24;56H2[2;2H[?25h[?25lg[24;56H3[2;3H[?25h[24;1H[K[2;2H[?25l[24;43H^[[2;2H[24;43H  [2;3H[24;53H1,72[10CAll[2;2H[?25h[?25l[24;43H:[2;2H[24;43H[K[24;1H:[?25hwq![?25l[?2004l[>4;m"test.sh" [New] 1L, 73B written[23;2t[23;1t
[?1004l[?2004l[?1l>[?1049l[23;0;0t[?25h[>4;m[1m[7m%[27m[1m[0m                                                                      ]2;akhihaani@akhihaani:~/projects]1;~/projects]7;file://akhihaani/home/akhihaani/projects\[0m[27m[24m[J[0m[49m[39m

[A[38;5;240m╭─[0m[38;5;240m[48;5;236m[38;5;31m [1m[38;5;31m[48;5;236m[38;5;39m~[0m[38;5;39m[48;5;236m[48;5;236m[38;5;31m/[1m[38;5;31m[48;5;236m[38;5;39mprojects[0m[38;5;39m[48;5;236m[48;5;236m[38;5;31m[0m[38;5;31m[48;5;236m[48;5;236m[38;5;31m [0m[38;5;31m[48;5;236m[48;5;236m[38;5;244m│[0m[38;5;244m[48;5;236m[48;5;236m[38;5;76m [38;5;246mon [0m[38;5;246m[48;5;236m[48;5;236m[38;5;76m[38;5;76mmaster [38;5;39m?2[0m[38;5;39m[48;5;236m[48;5;236m[38;5;76m [0m[38;5;76m[48;5;236m[49m[38;5;236m[0m[38;5;236m[49m[39m            [0m[48;5;236m[38;5;70m [0m[38;5;70m[48;5;236m[48;5;236m[38;5;70m✔[0m[38;5;70m[48;5;236m[48;5;236m[38;5;70m [0m[38;5;70m[48;5;236m[48;5;236m[38;5;70m[0m[38;5;70m[48;5;236m[48;5;236m[38;5;248m[38;5;244m│[0m[38;5;244m[48;5;236m[48;5;236m[38;5;248m [38;5;246mtook [0m[38;5;246m[48;5;236m[48;5;236m[38;5;248m25s[0m[38;5;248m[48;5;236m[48;5;236m[38;5;248m[0m[38;5;248m[48;5;236m[48;5;236m[38;5;248m [0m[38;5;248m[48;5;236m[48;5;236m[38;5;248m[0m[38;5;248m[48;5;236m[48;5;236m[38;5;66m[38;5;244m│[0m[38;5;244m[48;5;236m[48;5;236m[38;5;66m [38;5;246mat [0m[38;5;246m[48;5;236m[48;5;236m[38;5;66m16:57:18[0m[38;5;66m[48;5;236m[48;5;236m[38;5;66m[0m[38;5;66m[48;5;236m[48;5;236m[38;5;66m [0m[38;5;66m[48;5;236m[49m[39m
[38;5;240m╰─[0m[38;5;240m[49m[39m[0m[49m[39m [0m[49m[39m[K[?1h=[?2004he[1m[31me[0m[39m[1m[31me[0m[39m[90mcho "export PATH=$PATH:~/my_scripts" >> ~/.zshrc[39m[48D[1m[31me[1m[31mx[0m[39m[39m [39m [39m [39m [39m [39m [39m [39m [39m [39m [39m [39m [39m [39m [39m [39m [39m [39m [39m [39m [39m [39m [39m [39m [39m [39m [39m [39m [39m [39m [39m [39m [39m [39m [39m [39m [39m [39m [39m [39m [39m [39m [39m [39m [39m [39m [39m [47D[0m[32me[0m[32mx[39m[32me[32mx[32mi[39m[1m[31me[1m[31mx[1m[31mi[0m[39m[1m[31mi[1m[31mt[0m[39m[0m[32me[0m[32mx[0m[32mi[0m[32mt[39m[?1l>[?2004l[?25l[A[A[0m[27m[24m[J[0m[49m[27m[24m[38;5;76m❯[0m[38;5;76m[49m[39m[27m[24m [32mexit[39m[K[?25h
]2;exit]1;exit
Script done on 2025-09-06 16:57:23+00:00 [COMMAND_EXIT_CODE="0"]
